2026-05-06T15:20:15+00:00 | 17/448 | SPD | residue="Armin Jahr" | block="Volkan Baran, Anja Butschkau, Armin Jahr und Nadja Lüders"
2026-05-06T15:20:15+00:00 | 17/1087 | GRÜNE | residue="Beriva Aymaz" | block="Beriva Aymaz, Horst Becker, Sigrid Beer, Matthi Bolte-Richter, Johannes Remmel und Verena Schäffer"
2026-05-06T15:20:15+00:00 | 17/1583 | fraktionslos | residue="FRAKTIONSLOS Drucksache 17/1393 Entwicklung der Sekundarschulen in Nordrhein Westfalen Vorbemerkung der Kleinen Anfrage Mit dem sogenannten Schulkonsens hatte der NRW-Landtag Mitte 2011 mit dem neuen Schulgesetz die Grundlage für die Sekundarschule geschaffen Im Februar 2011 meldete der Westfälische Anzeiger1 daß bereits rund 50 Kommunen die Errichtung einer Sekundarschule beantrag hatten diese seinerzeit auch bereits genehmigt waren Der verlinkte online-Artikel berichtet daß „…die Genehmigungen unter der Voraussetzung erteilt wurden dass im Anmeldeverfahren genügend Schülerinnen Schüler für die Gründung einer Sekundarschule angemeldet werden Für die Errichtung sind mindestens drei Parallelklassen mit 25 Schülerinnen Schülern pro Klasse erforderlich also mindestens 75 Kinder insgesamt “ Die Fraktionen von" | block="Alexander Langguth FRAKTIONSLOS Drucksache 17/1393 Entwicklung der Sekundarschulen in Nordrhein Westfalen. Vorbemerkung der Kleinen Anfrage Mit dem sogenannten Schulkonsens hatte der NRW-Landtag Mitte 2011 mit dem neuen Schulgesetz die Grundlage für die Sekundarschule geschaffen. Im Februar 2011 meldete der Westfälische Anzeiger1, daß bereits rund 50 Kommunen die Errichtung einer Sekundarschule beantrag hatten und diese seinerzeit auch bereits genehmigt waren. Der verlinkte online-Artikel berichtet, daß „…die Genehmigungen unter der Voraussetzung erteilt wurden, dass im Anmeldeverfahren genügend Schülerinnen und Schüler für die Gründung einer Sekundarschule angemeldet werden. Für die Errichtung sind mindestens drei Parallelklassen mit 25 Schülerinnen und Schülern pro Klasse erforderlich, also mindestens 75 Kinder insgesamt.“ Die Fraktionen von"
2026-05-06T15:20:15+00:00 | 17/1589 | fraktionslos | residue="FRAKTIONSLOS Drucksache17/1314 Entwicklungdes Ganztagsangebotes an Schulenin NRW – Aktuelles Beispiel aus Hagen Vorbemerkungder Kleinen Anfrage In dem u a Artikel berichtet die Westfalenpost daß in der vergangenen Woche der Schulausschuss der Stadt Hagen mit den Stimmen der Fraktionen" | block="Alexander Langguth FRAKTIONSLOS Drucksache17/1314 Entwicklungdes Ganztagsangebotes an Schulenin NRW – Aktuelles Beispiel aus Hagen. Vorbemerkungder Kleinen Anfrage In dem u.a. Artikel berichtet die Westfalenpost, daß in der vergangenen Woche der Schulausschuss der Stadt Hagen mit den Stimmen der Fraktionen"
2026-05-06T15:20:15+00:00 | 17/2005 | fraktionslos | residue="FRAKTIONSLOS Drucksache 17/1790 Bildungspolitisches Erbe von Rot-Grün: Lichten sich die Nebel bei der Erfassung des Unterrichtsausfalls in Nordrhein-Westfalen? Vorbemerkung der Kleinen Anfrage Mit der Übernahme der Regierungsverantwortung im vergangenen Jahr hat die von" | block="Alexander Langguth FRAKTIONSLOS Drucksache 17/1790 Bildungspolitisches Erbe von Rot-Grün: Lichten sich die Nebel bei der Erfassung des Unterrichtsausfalls in Nordrhein-Westfalen? Vorbemerkung der Kleinen Anfrage Mit der Übernahme der Regierungsverantwortung im vergangenen Jahr hat die von"
2026-05-06T15:20:15+00:00 | 17/2482 | AfD | residue="der" | block="Dr. Martin Vincentz und Iris Dworeck-Danielowski der"
2026-05-06T15:20:15+00:00 | 17/2502 | GRÜNE | MISMATCH parsed=0 db_min=3 | db_anfrager="Aymaz, Berivan; Paul, Josefine u.a." | block=""
2026-05-06T15:20:15+00:00 | 17/2903 | fraktionslos | residue="FRAKTIONSLOS Drucksache 17/2708 Finanzielle Folgen für Unternehmen das Land NRW aus der paritätischen Teilung des Zusatzbeitrags der Gesetzlichen Krankenversicherung Vorbemerkung der Kleinen Anfrage Der Koalitionsvertrag der Bundesregierung von" | block="Alexander Langguth FRAKTIONSLOS Drucksache 17/2708 Finanzielle Folgen für Unternehmen und das Land NRW aus der paritätischen Teilung des Zusatzbeitrags der Gesetzlichen Krankenversicherung Vorbemerkung der Kleinen Anfrage Der Koalitionsvertrag der Bundesregierung von"
2026-05-06T15:20:15+00:00 | 17/3092 | SPD | residue="Volker Baran" | block="Volker Baran, Anja Butschkau, Armin Jahl und Nadja Lüders"
2026-05-06T15:20:15+00:00 | 17/3251 | GRÜNE | residue="FRAKTIONS" | block="Matthi Bolte-Richter FRAKTIONS"
2026-05-06T15:20:15+00:00 | 17/3378 | fraktionslos | MISMATCH parsed=0 db_min=3 | db_anfrager="Langguth, Alexander; Neppe, Frank u.a." | block=""
2026-05-06T15:20:15+00:00 | 17/3453 | fraktionslos | MISMATCH parsed=0 db_min=3 | db_anfrager="Langguth, Alexander; Neppe, Frank u.a." | block=""
2026-05-06T15:20:15+00:00 | 17/3478 | GRÜNE | residue="Anrdt Klocke" | block="Anrdt Klocke, Johannes Remmel und Verena Schäffer"
2026-05-06T15:20:15+00:00 | 17/3478 | GRÜNE | MISMATCH parsed=2 db_min=3 | db_anfrager="Klocke, Arndt; Remmel, Johannes u.a." | block="Anrdt Klocke, Johannes Remmel und Verena Schäffer"
2026-05-06T15:20:15+00:00 | 17/3888 | fraktionslos | MISMATCH parsed=0 db_min=3 | db_anfrager="Langguth, Alexander; Neppe, Frank u.a." | block=""
2026-05-06T15:20:15+00:00 | 17/4009 | fraktionslos | MISMATCH parsed=0 db_min=3 | db_anfrager="Pretzell, Marcus; Langguth, Alexander u.a." | block=""
2026-05-06T15:20:15+00:00 | 17/4011 | fraktionslos | MISMATCH parsed=0 db_min=3 | db_anfrager="Langguth, Alexander; Neppe, Frank u.a." | block=""
2026-05-06T15:20:15+00:00 | 17/4053 | fraktionslos | MISMATCH parsed=0 db_min=3 | db_anfrager="Langguth, Alexander; Neppe, Frank u.a." | block=""
2026-05-06T15:20:15+00:00 | 17/4199 | fraktionslos | MISMATCH parsed=0 db_min=3 | db_anfrager="Langguth, Alexander; Neppe, Frank u.a." | block=""
2026-05-06T15:20:15+00:00 | 17/4202 | fraktionslos | MISMATCH parsed=0 db_min=3 | db_anfrager="Langguth, Alexander; Neppe, Frank u.a." | block=""
2026-05-06T15:20:15+00:00 | 17/4203 | fraktionslos | MISMATCH parsed=0 db_min=3 | db_anfrager="Langguth, Alexander; Neppe, Frank u.a." | block=""
2026-05-06T15:20:15+00:00 | 17/4204 | fraktionslos | MISMATCH parsed=0 db_min=3 | db_anfrager="Langguth, Alexander; Neppe, Frank u.a." | block=""
2026-05-06T15:20:15+00:00 | 17/4205 | fraktionslos | MISMATCH parsed=0 db_min=3 | db_anfrager="Langguth, Alexander; Neppe, Frank u.a." | block=""
2026-05-06T15:20:15+00:00 | 17/4206 | fraktionslos | MISMATCH parsed=0 db_min=3 | db_anfrager="Langguth, Alexander; Neppe, Frank u.a." | block=""
2026-05-06T15:20:15+00:00 | 17/4207 | fraktionslos | MISMATCH parsed=0 db_min=3 | db_anfrager="Langguth, Alexander; Neppe, Frank u.a." | block=""
2026-05-06T15:20:15+00:00 | 17/4208 | fraktionslos | MISMATCH parsed=0 db_min=3 | db_anfrager="Langguth, Alexander; Neppe, Frank u.a." | block=""
2026-05-06T15:20:15+00:00 | 17/4210 | fraktionslos | MISMATCH parsed=0 db_min=3 | db_anfrager="Langguth, Alexander; Neppe, Frank u.a." | block=""
2026-05-06T15:20:15+00:00 | 17/4211 | fraktionslos | MISMATCH parsed=0 db_min=3 | db_anfrager="Langguth, Alexander; Neppe, Frank u.a." | block=""
2026-05-06T15:20:15+00:00 | 17/4212 | fraktionslos | MISMATCH parsed=0 db_min=3 | db_anfrager="Langguth, Alexander; Neppe, Frank u.a." | block=""
2026-05-06T15:20:15+00:00 | 17/4213 | fraktionslos | MISMATCH parsed=0 db_min=3 | db_anfrager="Langguth, Alexander; Neppe, Frank u.a." | block=""
2026-05-06T15:20:15+00:00 | 17/4214 | fraktionslos | MISMATCH parsed=0 db_min=3 | db_anfrager="Langguth, Alexander; Neppe, Frank u.a." | block=""
2026-05-06T15:20:15+00:00 | 17/4217 | fraktionslos | MISMATCH parsed=0 db_min=3 | db_anfrager="Langguth, Alexander; Neppe, Frank u.a." | block=""
2026-05-06T15:20:15+00:00 | 17/4218 | fraktionslos | MISMATCH parsed=0 db_min=3 | db_anfrager="Langguth, Alexander; Neppe, Frank u.a." | block=""
2026-05-06T15:20:15+00:00 | 17/4219 | fraktionslos | MISMATCH parsed=0 db_min=3 | db_anfrager="Langguth, Alexander; Neppe, Frank u.a." | block=""
2026-05-06T15:20:15+00:00 | 17/4229 | fraktionslos | MISMATCH parsed=0 db_min=3 | db_anfrager="Langguth, Alexander; Pretzell, Marcus u.a." | block=""
2026-05-06T15:20:15+00:00 | 17/4230 | fraktionslos | MISMATCH parsed=0 db_min=3 | db_anfrager="Langguth, Alexander; Neppe, Frank u.a." | block=""
2026-05-06T15:20:15+00:00 | 17/4231 | fraktionslos | MISMATCH parsed=0 db_min=3 | db_anfrager="Langguth, Alexander; Neppe, Frank u.a." | block=""
2026-05-06T15:20:15+00:00 | 17/4232 | fraktionslos | MISMATCH parsed=0 db_min=3 | db_anfrager="Langguth, Alexander; Neppe, Frank u.a." | block=""
2026-05-06T15:20:15+00:00 | 17/4265 | fraktionslos | MISMATCH parsed=0 db_min=3 | db_anfrager="Langguth, Alexander; Neppe, Frank u.a." | block=""
2026-05-06T15:20:15+00:00 | 17/4287 | fraktionslos | MISMATCH parsed=0 db_min=3 | db_anfrager="Langguth, Alexander; Neppe, Frank u.a." | block=""
2026-05-06T15:20:15+00:00 | 17/4288 | fraktionslos | MISMATCH parsed=0 db_min=3 | db_anfrager="Langguth, Alexander; Neppe, Frank u.a." | block=""
2026-05-06T15:20:15+00:00 | 17/4289 | fraktionslos | MISMATCH parsed=0 db_min=3 | db_anfrager="Langguth, Alexander; Neppe, Frank u.a." | block=""
2026-05-06T15:20:15+00:00 | 17/4290 | fraktionslos | MISMATCH parsed=0 db_min=3 | db_anfrager="Langguth, Alexander; Neppe, Frank u.a." | block=""
2026-05-06T15:20:15+00:00 | 17/4471 | fraktionslos | MISMATCH parsed=0 db_min=3 | db_anfrager="Langguth, Alexander; Neppe, Frank u.a." | block=""
2026-05-06T15:20:16+00:00 | 17/4716 | SPD | residue="Volker Baran" | block="Volker Baran, Anja Butschkau, Armin Jahl und Nadja Lüders"
2026-05-06T15:20:16+00:00 | 17/4789 | fraktionslos | MISMATCH parsed=0 db_min=3 | db_anfrager="Langguth, Alexander; Neppe, Frank u.a." | block=""
2026-05-06T15:20:16+00:00 | 17/4838 | fraktionslos | MISMATCH parsed=0 db_min=3 | db_anfrager="Langguth, Alexander; Neppe, Frank u.a." | block=""
2026-05-06T15:20:16+00:00 | 17/4865 | GRÜNE | MISMATCH parsed=0 db_min=3 | db_anfrager="Schäffer, Verena; Düker, Monika u.a." | block=""
2026-05-06T15:20:16+00:00 | 17/4925 | fraktionslos | MISMATCH parsed=0 db_min=3 | db_anfrager="Langguth, Alexander; Neppe, Frank u.a." | block=""
2026-05-06T15:20:16+00:00 | 17/5278 | fraktionslos | MISMATCH parsed=0 db_min=3 | db_anfrager="Langguth, Alexander; Neppe, Frank u.a." | block=""
2026-05-06T15:20:16+00:00 | 17/5334 | fraktionslos | residue="FRAKTIONSLOS Drucksache 17/5012 Verbindungen politischer Jugendorganisationen der Parteien in NRW zu extremistischen Gruppierungen Vorbemerkung der Kleinen Anfrage Am 23 Januar 2019 äußerte die Landtagsabgeordnete Verena Schäffer der Fraktion" | block="Alexander Langguth und Marcus Pretzell FRAKTIONSLOS Drucksache 17/5012 Verbindungen politischer Jugendorganisationen der Parteien in NRW zu extremistischen Gruppierungen Vorbemerkung der Kleinen Anfrage Am 23. Januar 2019 äußerte die Landtagsabgeordnete Frau Verena Schäffer der Fraktion"
2026-05-06T15:20:16+00:00 | 17/5411 | fraktionslos | residue="FRAKTIONSLOS Drucksache 17/5132 Quotenvorgaben im Parlament – das Ende freier Wahlen? Vorbemerkung der Kleinen Anfrage Als erstes deutsches Landesparlament hat Brandenburg am 31 Januar 2019 ein Parité- Gesetz beschlossen welches die Quotierung von Frauen in den Parlamenten vorschreibt Der von der Fraktion" | block="Alexander Langguth und Marcus Pretzell FRAKTIONSLOS Drucksache 17/5132 Quotenvorgaben im Parlament – das Ende freier Wahlen? Vorbemerkung der Kleinen Anfrage Als erstes deutsches Landesparlament hat Brandenburg am 31. Januar 2019 ein Parité- Gesetz beschlossen, welches die Quotierung von Frauen in den Parlamenten vorschreibt. Der von der Fraktion"
2026-05-06T15:20:16+00:00 | 17/5909 | fraktionslos | MISMATCH parsed=0 db_min=3 | db_anfrager="Langguth, Alexander; Neppe, Frank u.a." | block=""
2026-05-06T15:20:16+00:00 | 17/5935 | fraktionslos | MISMATCH parsed=0 db_min=3 | db_anfrager="Langguth, Alexander; Neppe, Frank u.a." | block=""
2026-05-06T15:20:16+00:00 | 17/5999 | fraktionslos | MISMATCH parsed=0 db_min=3 | db_anfrager="Langguth, Alexander; Neppe, Frank u.a." | block=""
2026-05-06T15:20:16+00:00 | 17/6382 | fraktionslos | residue="FRAKTIONSLOS Drucksache 17/5961 Impfpflicht für Kinder in Nordrhein-Westfalen – Berücksichtigt die Landesregierung demokratische Grundsätze der Entscheidungsfreiheit? Vorbemerkung der Kleinen Anfrage Die ehemalige Bundesgeneralsekretärin der" | block="Alexander Langguth FRAKTIONSLOS Drucksache 17/5961 Impfpflicht für Kinder in Nordrhein-Westfalen – Berücksichtigt die Landesregierung demokratische Grundsätze der Entscheidungsfreiheit? Vorbemerkung der Kleinen Anfrage Die ehemalige Bundesgeneralsekretärin der"
2026-05-06T15:20:16+00:00 | 17/6460 | AfD | residue="Iris Dworek-Danielowski" | block="Gabriele Walger-Demolsky, Markus Wagner, Iris Dworek-Danielowski"
2026-05-06T15:20:16+00:00 | 17/6460 | AfD | MISMATCH parsed=2 db_min=3 | db_anfrager="Walger-Demolsky, Gabriele; Wagner, Markus u.a." | block="Gabriele Walger-Demolsky, Markus Wagner, Iris Dworek-Danielowski"
2026-05-06T15:20:16+00:00 | 17/6500 | GRÜNE | MISMATCH parsed=2 db_min=3 | db_anfrager="Rüße, Norwich; Becker, Horst u.a." | block="Horst Becker und Matthi Bolte-Richter"
2026-05-06T15:20:16+00:00 | 17/6501 | GRÜNE | MISMATCH parsed=0 db_min=3 | db_anfrager="Rüße, Norwich; Becker, Horst u.a." | block=""
2026-05-06T15:20:16+00:00 | 17/6905 | fraktionslos | MISMATCH parsed=0 db_min=3 | db_anfrager="Langguth, Alexander; Neppe, Frank u.a." | block=""
2026-05-06T15:20:16+00:00 | 17/6927 | fraktionslos | MISMATCH parsed=0 db_min=3 | db_anfrager="Langguth, Alexander; Neppe, Frank u.a." | block=""
2026-05-06T15:20:16+00:00 | 17/6936 | fraktionslos | MISMATCH parsed=0 db_min=3 | db_anfrager="Langguth, Alexander; Neppe, Frank u.a." | block=""
2026-05-06T15:20:16+00:00 | 17/6938 | fraktionslos | MISMATCH parsed=0 db_min=3 | db_anfrager="Langguth, Alexander; Neppe, Frank u.a." | block=""
2026-05-06T15:20:16+00:00 | 17/6953 | fraktionslos | MISMATCH parsed=0 db_min=3 | db_anfrager="Langguth, Alexander; Neppe, Frank u.a." | block=""
2026-05-06T15:20:16+00:00 | 17/6958 | fraktionslos | MISMATCH parsed=0 db_min=3 | db_anfrager="Langguth, Alexander; Neppe, Frank u.a." | block=""
2026-05-06T15:20:16+00:00 | 17/6959 | fraktionslos | MISMATCH parsed=0 db_min=3 | db_anfrager="Langguth, Alexander; Neppe, Frank u.a." | block=""
2026-05-06T15:20:16+00:00 | 17/6963 | fraktionslos | MISMATCH parsed=0 db_min=3 | db_anfrager="Langguth, Alexander; Neppe, Frank u.a." | block=""
2026-05-06T15:20:16+00:00 | 17/6983 | fraktionslos | MISMATCH parsed=0 db_min=3 | db_anfrager="Langguth, Alexander; Neppe, Frank u.a." | block=""
2026-05-06T15:20:16+00:00 | 17/7000 | fraktionslos | MISMATCH parsed=0 db_min=3 | db_anfrager="Langguth, Alexander; Neppe, Frank u.a." | block=""
2026-05-06T15:20:16+00:00 | 17/7018 | fraktionslos | MISMATCH parsed=0 db_min=3 | db_anfrager="Langguth, Alexander; Neppe, Frank u.a." | block=""
2026-05-06T15:20:16+00:00 | 17/7040 | GRÜNE | MISMATCH parsed=0 db_min=3 | db_anfrager="Remmel, Johannes; Brems, Wibke u.a." | block=""
2026-05-06T15:20:16+00:00 | 17/7072 | fraktionslos | MISMATCH parsed=0 db_min=3 | db_anfrager="Langguth, Alexander; Neppe, Frank u.a." | block=""
2026-05-06T15:20:16+00:00 | 17/7073 | fraktionslos | MISMATCH parsed=0 db_min=3 | db_anfrager="Langguth, Alexander; Neppe, Frank u.a." | block=""
2026-05-06T15:20:16+00:00 | 17/7125 | fraktionslos | MISMATCH parsed=0 db_min=3 | db_anfrager="Langguth, Alexander; Neppe, Frank u.a." | block=""
2026-05-06T15:20:16+00:00 | 17/7139 | SPD | residue="Md L" | block="Sonja Bongers Md L"
2026-05-06T15:20:16+00:00 | 17/7638 | fraktionslos | residue="FRAKTIONSLOS Drucksache 17/7441 Bundesweites Zentralabitur statt Wettbewerb? Vorbemerkung der Kleinen Anfrage Der Bundesvorsitzende der" | block="Alexander Langguth FRAKTIONSLOS Drucksache 17/7441 Bundesweites Zentralabitur statt Wettbewerb? Vorbemerkung der Kleinen Anfrage Der Bundesvorsitzende der"
2026-05-06T15:20:16+00:00 | 17/7644 | fraktionslos | MISMATCH parsed=0 db_min=3 | db_anfrager="Langguth, Alexander; Neppe, Frank u.a." | block=""
2026-05-06T15:20:16+00:00 | 17/7676 | fraktionslos | MISMATCH parsed=0 db_min=3 | db_anfrager="Langguth, Alexander; Neppe, Frank u.a." | block=""
2026-05-06T15:20:16+00:00 | 17/8065 | fraktionslos | residue="FRAKTIONSLOS Drucksache 17/7737 Ein extremistisch geprägtes Bündnis verhindert eine Veranstaltung von der Werte Union Hans-Georg Maaßen – Wie steht es um die Akzeptanz des Pluralismus der politischen Linken? Vorbemerkung der Kleinen Anfrage Das Bündnis „Düsseldorf stellt sich quer“ teilte am 28 10 2019 auf Facebook mit dass seine Protestankündigung gegen eine Veranstaltung der Werte Union in Düsseldorf einen ersten Erfolg zeige: „Maaßen wird nicht[ ] wie zunächst von der extrem rechten Werte Union (WU) angekündigt[ ] im Brauhaus im Quadenhof in Gerresheim auftreten Wir danken dem Wirt ausdrücklich für seine Entscheidung gegen Rassismus das Ausladen der WU “1 In dem Protestaufruf heißt es unter anderem: „Zeigen wir Maaßen der Werte Union der" | block="Alexander Langguth, Frank Neppe und Marcus Pretzell FRAKTIONSLOS Drucksache 17/7737 Ein extremistisch geprägtes Bündnis verhindert eine Veranstaltung von der Werte Union und Hans-Georg Maaßen – Wie steht es um die Akzeptanz des Pluralismus der politischen Linken? Vorbemerkung der Kleinen Anfrage Das Bündnis „Düsseldorf stellt sich quer“ teilte am 28.10.2019 auf Facebook mit, dass seine Protestankündigung gegen eine Veranstaltung der Werte Union in Düsseldorf einen ersten Erfolg zeige: „Maaßen wird nicht[,] wie zunächst von der extrem rechten Werte Union (WU) angekündigt[,] im Brauhaus im Quadenhof in Gerresheim auftreten. Wir danken dem Wirt ausdrücklich für seine Entscheidung gegen Rassismus und das Ausladen der WU.“1 In dem Protestaufruf heißt es unter anderem: „Zeigen wir Maaßen und der Werte Union der"
2026-05-06T15:20:16+00:00 | 17/8094 | fraktionslos | MISMATCH parsed=0 db_min=3 | db_anfrager="Langguth, Alexander; Neppe, Frank u.a." | block=""
2026-05-06T15:20:16+00:00 | 17/8125 | fraktionslos | MISMATCH parsed=0 db_min=3 | db_anfrager="Langguth, Alexander; Neppe, Frank u.a." | block=""
2026-05-06T15:20:16+00:00 | 17/8128 | fraktionslos | MISMATCH parsed=0 db_min=3 | db_anfrager="Langguth, Alexander; Pretzell, Marcus u.a." | block=""
2026-05-06T15:20:16+00:00 | 17/8283 | fraktionslos | MISMATCH parsed=0 db_min=3 | db_anfrager="Langguth, Alexander; Neppe, Frank u.a." | block=""
2026-05-06T15:20:16+00:00 | 17/8356 | fraktionslos | MISMATCH parsed=0 db_min=3 | db_anfrager="Langguth, Alexander; Neppe, Frank u.a." | block=""
2026-05-06T15:20:16+00:00 | 17/8471 | fraktionslos | MISMATCH parsed=0 db_min=3 | db_anfrager="Langguth, Alexander; Neppe, Frank u.a." | block=""
2026-05-06T15:20:16+00:00 | 17/8927 | GRÜNE | residue="Sigird Beer" | block="Josefine Paul, Verena Schäffer, Sigird Beer, Matthi Bolte-Richter und Stefan Engstfeld"
2026-05-06T15:20:16+00:00 | 17/8995 | fraktionslos | MISMATCH parsed=0 db_min=3 | db_anfrager="Langguth, Alexander; Neppe, Frank u.a." | block=""
2026-05-06T15:20:16+00:00 | 17/9871 | SPD | MISMATCH parsed=0 db_min=3 | db_anfrager="Altenkamp, Britta; Baran, Volkan u.a." | block=""
2026-05-06T15:20:16+00:00 | 17/10524 | AfD | residue="Marcus Wagner" | block="Andreas Keith, Nic Vogel, Marcus Wagner und Thomas Röckemann"
2026-05-06T15:20:16+00:00 | 17/10570 | SPD | residue="Jusef Neumann" | block="Thomas Kutschaty, Anja Butschkau und Jusef Neumann"
2026-05-06T15:20:16+00:00 | 17/10570 | SPD | MISMATCH parsed=2 db_min=3 | db_anfrager="Kutschaty, Thomas; Butschkau, Anja u.a." | block="Thomas Kutschaty, Anja Butschkau und Jusef Neumann"
2026-05-06T15:20:16+00:00 | 17/10578 | SPD | residue="Christian Kampmann" | block="Thomas Kutschaty, Christian Kampmann und Josef Neumann"
2026-05-06T15:20:16+00:00 | 17/10578 | SPD | MISMATCH parsed=2 db_min=3 | db_anfrager="Kutschaty, Thomas; Kampmann, Christina u.a." | block="Thomas Kutschaty, Christian Kampmann und Josef Neumann"
2026-05-06T15:20:16+00:00 | 17/10597 | SPD | residue="Christiana Kampmann" | block="Thomas Kutschaty, Andreas Becker, Christiana Kampmann und Frank Sundermann"
2026-05-06T15:20:16+00:00 | 17/11334 | SPD | residue="Christiana Kampmann" | block="Georg Fortmeier, Christiana Kampmann und Regina Kopp-Herr"
2026-05-06T15:20:16+00:00 | 17/11334 | SPD | MISMATCH parsed=2 db_min=3 | db_anfrager="Fortmeier, Georg; Kampmann, Christina u.a." | block="Georg Fortmeier, Christiana Kampmann und Regina Kopp-Herr"
2026-05-06T15:20:16+00:00 | 17/13134 | GRÜNE | residue="BÜNNDNIS 90/DIE" | block="Matthi Bolte-Richter und Sigrid Beer BÜNNDNIS 90/DIE"
2026-05-06T15:20:16+00:00 | 17/13274 | AfD | MISMATCH parsed=0 db_min=3 | db_anfrager="Strotebeck, Herbert; Keith, Andreas u.a." | block=""
2026-05-06T15:20:16+00:00 | 17/14019 | AfD | residue="Sven Werner Tritschler" | block="Sven Werner Tritschler, Dr. Martin Vincentz und Herbert Strotebeck"
2026-05-06T15:20:16+00:00 | 17/14019 | AfD | MISMATCH parsed=2 db_min=3 | db_anfrager="Tritschler, Sven W.; Dr. Vincentz, Martin u.a." | block="Sven Werner Tritschler, Dr. Martin Vincentz und Herbert Strotebeck"
2026-05-06T15:20:16+00:00 | 17/14814 | GRÜNE | MISMATCH parsed=0 db_min=3 | db_anfrager="Klocke, Arndt; Engstfeld, Stefan u.a." | block=""
2026-05-06T15:20:16+00:00 | 17/15016 | SPD | MISMATCH parsed=0 db_min=3 | db_anfrager="Baran, Volkan; Butschkau, Anja u.a." | block=""
2026-05-06T15:20:16+00:00 | 17/15020 | fraktionslos | residue="FRAKTIONSLOS Drucksache 17/14766 COVID-19-Impfaktionen an Berufsschulen Vorbemerkung der Kleinen Anfrage Im Mai 2021 sah Gesundheitsminister Karl-Josef Laumann Impfungen von Kindern Jugendlichen in Schulgebäuden kritisch da der Staat hierdurch sehr stark symbolisieren würde dass man wolle dass sich Kinder Jugendliche impfen lassen 1 Im Juli 2021 prüfte Gesundheitsminister Karl-Josef Laumann Impfaktionen an Berufsschulen die von Über-16- jährigen besucht werden da er die Idee sinnvoll finde 2 Überlegungen hinsichtlich Impfaktionen im Bereich der Regelschulen gebe es nicht 3 Die Ständige Impfkommission empfiehlt die Impfung gegen COVID-19 bislang nur Kindern Jugendlichen im Falle von erhöhten Risiken für einen schweren Krankheitsverlauf Seit der Empfehlung üben Politiker unter anderem Karl Lauterbach (" | block="Alexander Langguth FRAKTIONSLOS Drucksache 17/14766 COVID-19-Impfaktionen an Berufsschulen Vorbemerkung der Kleinen Anfrage Im Mai 2021 sah Gesundheitsminister Karl-Josef Laumann Impfungen von Kindern und Jugendlichen in Schulgebäuden kritisch, da der Staat hierdurch sehr stark symbolisieren würde, dass man wolle, dass sich Kinder und Jugendliche impfen lassen.1 Im Juli 2021 prüfte Gesundheitsminister Karl-Josef Laumann Impfaktionen an Berufsschulen, die von Über-16- jährigen besucht werden, da er die Idee sinnvoll finde.2 Überlegungen hinsichtlich Impfaktionen im Bereich der Regelschulen gebe es nicht.3 Die Ständige Impfkommission empfiehlt die Impfung gegen COVID-19 bislang nur Kindern und Jugendlichen im Falle von erhöhten Risiken für einen schweren Krankheitsverlauf. Seit der Empfehlung üben Politiker, unter anderem Karl Lauterbach ("
2026-05-06T15:20:16+00:00 | 17/15027 | SPD | residue="An- dreas Kossiski" | block="Susana dos Santos Herrmann, Gabriele Hammelrath, Martin Börschel, An- dreas Kossiski und Jochen Ott"
2026-05-06T15:20:16+00:00 | 17/15068 | GRÜNE | residue="BÜNDNIS/DIE" | block="Johannes Remmel, Matthi Bolte-Richter und Horst Becker BÜNDNIS/DIE"
2026-05-06T15:20:16+00:00 | 17/15144 | fraktionslos | residue="FRAKTIONSLOS Drucksache 17/14796 Impfpflicht durch die Hintertür: Drängt die Landesregierung angehende Polizeikommis- sare aus der Ausbildung? Vorbemerkung der Kleinen Anfrage Im Corona Newsletter Nr 41 vom 16 Juli 2021 teilt die Hochschule der Polizei öffentlichen Verwaltung (HSPV) mit dass ab dem 01 September 2021 die Rückkehr in den Präsenzbetrieb unter Maßgabe der 3G-Regel erfolgt 1 Für nicht geimpfte nicht genesene Kommissaran- wärter bedeutet dies dass sie sich drei Mal wöchentlich testen lassen müssen da das Test- ergebnis beim erstmaligen Betreten der HSPV an jedem Tag unter der Woche nicht älter als 48 Stunden sein darf Zeitgleich wird politisch gefordert die Corona-Schnelltests kostenpflich- tig zu machen Anfang August 2021 schlug das Bundesgesundheitsministerium vor die kos- tenlosen Tests Mitte Oktober zu beenden 2 Auch Ministerpräsident Kanzlerkandidat der" | block="Alexander Langguth FRAKTIONSLOS Drucksache 17/14796 Impfpflicht durch die Hintertür: Drängt die Landesregierung angehende Polizeikommis- sare aus der Ausbildung? Vorbemerkung der Kleinen Anfrage Im Corona Newsletter Nr. 41 vom 16. Juli 2021 teilt die Hochschule der Polizei und öffentlichen Verwaltung (HSPV) mit, dass ab dem 01. September 2021 die Rückkehr in den Präsenzbetrieb unter Maßgabe der 3G-Regel erfolgt.1 Für nicht geimpfte und nicht genesene Kommissaran- wärter bedeutet dies, dass sie sich drei Mal wöchentlich testen lassen müssen, da das Test- ergebnis beim erstmaligen Betreten der HSPV an jedem Tag unter der Woche nicht älter als 48 Stunden sein darf. Zeitgleich wird politisch gefordert, die Corona-Schnelltests kostenpflich- tig zu machen. Anfang August 2021 schlug das Bundesgesundheitsministerium vor, die kos- tenlosen Tests Mitte Oktober zu beenden.2 Auch Ministerpräsident und Kanzlerkandidat der"
2026-05-06T15:20:16+00:00 | 17/16118 | SPD | residue="Lisa- Kristin Kapteinat" | block="Britta Altenkamp, Anja Butschkau, Gordan Dudas, Heike Gebhard, Lisa- Kristin Kapteinat, Angela Lück, Josef Neumann, Christina Weng, Serdar Yüksel"
2026-05-06T15:20:16+00:00 | 17/17035 | AfD | residue="Hebert Strotebeck" | block="Uta Opelt, Hebert Strotebeck und Sven W. Tritschler"
2026-05-06T15:20:16+00:00 | 17/17035 | AfD | MISMATCH parsed=2 db_min=3 | db_anfrager="Opelt, Uta; Strotebeck, Herbert u.a." | block="Uta Opelt, Hebert Strotebeck und Sven W. Tritschler"
2026-05-06T15:20:16+00:00 | 18/473 | AfD | residue="Enxhi Seli- Zacharias" | block="Andreas Keith, Christian Loose, Zacharias Schalley und Enxhi Seli- Zacharias"
2026-05-06T15:20:16+00:00 | 18/1159 | SPD | MISMATCH parsed=0 db_min=3 | db_anfrager="Bakum, Rodion; Klute, Thorsten u.a." | block=""
2026-05-06T15:20:16+00:00 | 18/3205 | AfD | residue="Christian Losse" | block="Christian Losse, Enxhi Seli-Zacharias und Carlo Clemens"
2026-05-06T15:20:16+00:00 | 18/3205 | AfD | MISMATCH parsed=2 db_min=3 | db_anfrager="Loose, Christian; Seli-Zacharias, Enxhi u.a." | block="Christian Losse, Enxhi Seli-Zacharias und Carlo Clemens"
2026-05-06T15:20:16+00:00 | 18/3206 | AfD | residue="Christian Losse" | block="Christian Losse, Enxhi Seli-Zacharias und Carlo Clemens"
2026-05-06T15:20:16+00:00 | 18/3206 | AfD | MISMATCH parsed=2 db_min=3 | db_anfrager="Loose, Christian; Seli-Zacharias, Enxhi u.a." | block="Christian Losse, Enxhi Seli-Zacharias und Carlo Clemens"
2026-05-06T15:20:16+00:00 | 18/3214 | AfD | residue="Martin Vincnentz" | block="Dr. Martin Vincnentz, Enxhi Seli-Zacharias und Carlo Clemens"
2026-05-06T15:20:16+00:00 | 18/3214 | AfD | MISMATCH parsed=2 db_min=3 | db_anfrager="Dr. Vincentz, Martin; Seli-Zacharias, Enxhi u.a." | block="Dr. Martin Vincnentz, Enxhi Seli-Zacharias und Carlo Clemens"
2026-05-06T15:20:16+00:00 | 18/3234 | AfD | residue="Hartmut Beuccker" | block="Dr. Hartmut Beuccker, Enxhi Seli-Zacharias und Carlo Clemens"
2026-05-06T15:20:16+00:00 | 18/3234 | AfD | MISMATCH parsed=2 db_min=3 | db_anfrager="Dr. Beucker, Hartmut; Seli-Zacharias, Enxhi u.a." | block="Dr. Hartmut Beuccker, Enxhi Seli-Zacharias und Carlo Clemens"
2026-05-06T15:20:16+00:00 | 18/3256 | SPD | residue="Elisabeth Müller Witt" | block="Rodion Bakum, Elisabeth Müller Witt und Christina Kampmann"
2026-05-06T15:20:16+00:00 | 18/3256 | SPD | MISMATCH parsed=2 db_min=3 | db_anfrager="Bakum, Rodion; Müller-Witt, Elisabeth u.a." | block="Rodion Bakum, Elisabeth Müller Witt und Christina Kampmann"
2026-05-06T15:20:16+00:00 | 18/3335 | SPD | residue="Christian Siebel" | block="Lisa-Kristin Kapteinat, Christian Siebel, Thomas Göddertz, Carsten Löcker und Anna Kavena"
2026-05-06T15:20:16+00:00 | 18/3437 | SPD | residue="Christian Kampmann" | block="Rodion Bakum, Elisabeth Müller-Witt, Christian Kampmann und Sonja Bongers"
2026-05-06T15:20:16+00:00 | 18/4774 | SPD | residue="Christian Obrok" | block="Christina Kampmann, Thorsten Klute, Christian Obrok, Christian Dahm, Alexander Baer, Dr. Dennis Maelzer, Christina Weng, Christian Obrok"
2026-05-06T15:20:16+00:00 | 18/4777 | SPD | residue="Vol- kan Baran" | block="Andrea Busche, Dr. Bastian Hartmann, Serdar Yüksel, Ralf Stoltze, Vol- kan Baran, Nadja Lüders, Anja Butschkau und Alexander Vogt"
2026-05-06T15:20:16+00:00 | 18/4787 | SPD | residue="Christian Siebel Alexander Voigt" | block="Christian Siebel, Alexander Voigt und Sebastian Watermeier"
2026-05-06T15:20:16+00:00 | 18/4787 | SPD | MISMATCH parsed=1 db_min=3 | db_anfrager="Siebel, Christin; Vogt, Alexander u.a." | block="Christian Siebel, Alexander Voigt und Sebastian Watermeier"
2026-05-06T15:20:16+00:00 | 18/4799 | SPD | residue="Elisabeth Müller- Witt" | block="Carolin Kirsch, Elisabeth Müller- Witt, Christina Kampmann und Sven Wolf"
2026-05-06T15:20:16+00:00 | 18/4974 | AfD | residue="Enxi Seli-Zacharias" | block="Enxi Seli-Zacharias, Zacharias Schalley und Christian Loose"
2026-05-06T15:20:16+00:00 | 18/4974 | AfD | MISMATCH parsed=2 db_min=3 | db_anfrager="Seli-Zacharias, Enxhi; Schalley, Zacharias u.a." | block="Enxi Seli-Zacharias, Zacharias Schalley und Christian Loose"
2026-05-06T15:20:16+00:00 | 18/6016 | SPD | residue="Lisa-Kristin Kapt- einat" | block="Alexander Vogt, Dr. Bastian Hartmann, Andrea Busche, Lisa-Kristin Kapt- einat, Sebastian Watermeier, Justus Moor, Sarah Philipp"
2026-05-06T15:20:16+00:00 | 18/6131 | SPD | residue="Engin Dilek" | block="Engin Dilek, Dr. Dennis Maelzer und Frank Müller"
2026-05-06T15:20:16+00:00 | 18/6131 | SPD | MISMATCH parsed=2 db_min=3 | db_anfrager="Engin, Dilek; Dr. Maelzer, Dennis u.a." | block="Engin Dilek, Dr. Dennis Maelzer und Frank Müller"
2026-05-06T15:20:16+00:00 | 18/6293 | SPD | residue="Fre- derick Cordes" | block="Rodion Bakum, Lisa-Kristin Kapteinat, Alexander Vogt, André Stinka, Fre- derick Cordes, Elisabeth Müller-Witt und Lena Teschlade"
2026-05-06T15:20:16+00:00 | 18/6415 | SPD | residue="n d" | block="René Schneider n d Ralf Stoltze"
2026-05-06T15:20:16+00:00 | 18/7272 | SPD | residue="Lisa-Kristin Kapt- einat" | block="Thorsten Klute, Silvia Gosewinkel, Stefan Kämmerling, Lisa-Kristin Kapt- einat und Josef Neumann"
2026-05-06T15:20:17+00:00 | 18/8166 | SPD | residue="Jo- sef Neumann" | block="Thorsten Klute, Rodion Bakum, Anja Butschkau, Lisa-Kristin Kapteinat, Jo- sef Neumann, Lena Teschlade und Christina Weng"
2026-05-06T15:20:17+00:00 | 18/8362 | SPD | residue="Rodion Baku" | block="Thorsten Klute, Rodion Baku, Anja Butschkau, Lisa-Kristin Kapteinat, Lena Teschlade und Christina Weng"
2026-05-06T15:20:17+00:00 | 18/8654 | SPD | residue="Franz Müller" | block="Volkan Baran, Lisa-Kristin Kapteinat und Franz Müller"
2026-05-06T15:20:17+00:00 | 18/8654 | SPD | MISMATCH parsed=2 db_min=3 | db_anfrager="Baran, Volkan; Kapteinat, Lisa-Kristin u.a." | block="Volkan Baran, Lisa-Kristin Kapteinat und Franz Müller"
2026-05-06T15:20:17+00:00 | 18/8697 | AfD | MISMATCH parsed=0 db_min=3 | db_anfrager="Dr. Beucker, Hartmut; Loose, Christian u.a." | block=""
2026-05-06T15:20:17+00:00 | 18/8744 | SPD | residue="Christian Siebel" | block="Thomas Göddertz, Lisa-Kristin Kapteinat, Anna Teresa Kavena, Carsten Löcker, Sandy Meinhardt und Christian Siebel"
2026-05-06T15:20:17+00:00 | 18/8968 | AfD | residue="(" | block="Zacharias Schalley und Enxhi Seli-Zacharias ("
2026-05-06T15:20:17+00:00 | 18/9086 | SPD | residue="Frank Bör- ner Se- bastian Watermeier" | block="Rodion Bakum, Volkan Baran, Ina Blumenthal, Sonja Bongers, Frank Bör- ner, Andrea Busche, Anja Butschkau, Frederick Cordes, Benedikt Falszewski, Hartmut Ganzke, Thomas Göddertz, Silvia Gosewinkel, Dr. Bastian Hartmann, Wolfgang Jörg, Julia Kahle-Hausmann, Lisa-Kristin Kapteinat, Anna Teresa Kavena, Thomas Kutschaty, Carsten Löcker, Nadja Lüders, Sandy Meinhardt, Justus Moor, Frank Müller, Sarah Philipp, Rainer Schmeltzer, René Schneider, Christin Siebel, Kirsten Stich, Ralf Stoltze, Alexander Vogt, Se- bastian Watermeier, Serdar Yüksel und Stefan Zimkeit"
2026-05-06T15:20:17+00:00 | 18/9218 | SPD | residue="Fran Müller" | block="Dilek Engin, Andrea Busche, Dr. Dennis Maelzer und Fran Müller"
2026-05-06T15:20:17+00:00 | 18/9414 | SPD | residue="Ale- xander Vogt" | block="Volkan Baran, Rodion Bakum, Silvia Gosewinkel, Wolfgang Jörg und Ale- xander Vogt"
2026-05-06T15:20:17+00:00 | 18/9834 | AfD | residue="Exnhi Seli-Zacharias" | block="Exnhi Seli-Zacharias, Markus Wagner, Carlo Clemens und Klaus Esser"
2026-05-06T15:20:17+00:00 | 18/9946 | SPD | residue="Siliva Gosewinkel" | block="Lisa-Kristin Kapteinat, Siliva Gosewinkel, Dr. Bastian Hartmann, Thomas Göddertz und Justus Moor"
2026-05-06T15:20:17+00:00 | 18/10328 | SPD | residue="Lisa-Kristin Kapt- einat" | block="Volkan Baran, Silvia Gosewinkel, Christina Kampmann, Lisa-Kristin Kapt- einat und Thorsten Klute"
2026-05-06T15:20:17+00:00 | 18/11406 | SPD | residue="Thors- ten Klute" | block="Ina Blumenthal, Alexander Vogt, Sarah Philipp, Rodion Bakum und Thors- ten Klute"
2026-05-06T15:20:17+00:00 | 18/12632 | SPD | residue="Alexander Bar" | block="Anja Butschkau, Alexander Bar, Carolin Kirsch und Inge Blask"
2026-05-06T15:20:17+00:00 | 18/13108 | SPD | residue="Sarah Phi- lipp" | block="Rodion Bakum, Lisa-Kristin Kapteinat, Ina Blumenthal, Frank Müller, Justus Moor, Andrea Busche, Thomas Göddertz, Dr. Bastian Hartmann, Stefan Zimkeit, Sarah Phi- lipp, Sonja Bongers, Christin Siebel, Nadja Lüders, Frederick Cordes, Kirsten Stich, Ralf Stoltze, Volkan Baran, Silvia Gosewinkel, Anja Butschkau, Sebastian Watermeier, Carsten Löcker, Thomas Kutschaty, Serdar Yüksel"
2026-05-06T15:20:17+00:00 | 18/13132 | SPD | residue="Thorste Klute" | block="Rodion Bakum, Christina Weng, Anja Butschkau und Thorste Klute"
2026-05-06T15:20:17+00:00 | 18/13418 | FDP | residue="Angela" | block="Angela Angela Freimuth und Susanne Schneider"
2026-05-06T15:20:17+00:00 | 18/13426 | SPD | residue="Krsten Stich" | block="Dilek Engin, Tülay Durdu, Silvia Gosewinkel, Krsten Stich, Andrea Busche und Justus Moor"
2026-05-06T15:20:17+00:00 | 18/13573 | SPD | residue="Lisa-Kristin Kapt- einat" | block="Frederick Cordes, Hartmut Ganzke, Silvia Gosewinkel, Lisa-Kristin Kapt- einat, Alexander Vogt, Frank Börner, Justus Moor und Sarah Philipp"
2026-05-06T15:20:17+00:00 | 18/13694 | SPD | residue="Dennis Mäelzer" | block="Dilek Engin, Elisabeth Müller-Witt, Christina Kampmann, Christin Siebel und Dr. Dennis Mäelzer"
2026-05-06T15:20:17+00:00 | 18/14150 | AfD | residue="Thomas Rö- ckemann" | block="Sven W. Tritschler, Zacharias Schalley, Markus Wagner und Thomas Rö- ckemann"
2026-05-06T15:20:17+00:00 | 18/14163 | AfD | residue="Sven W Trischler" | block="Sven W. Trischler, Zacharias Schalley und Enxhi Seli-Zacharias"
2026-05-06T15:20:17+00:00 | 18/14163 | AfD | MISMATCH parsed=2 db_min=3 | db_anfrager="Tritschler, Sven W.; Schalley, Zacharias u.a." | block="Sven W. Trischler, Zacharias Schalley und Enxhi Seli-Zacharias"
2026-05-06T15:20:17+00:00 | 18/14165 | AfD | residue="Zacharias SChalley" | block="Sven W. Tritschler, Zacharias SChalley und Dr. Martin Vincentz"
2026-05-06T15:20:17+00:00 | 18/14165 | AfD | MISMATCH parsed=2 db_min=3 | db_anfrager="Tritschler, Sven W.; Schalley, Zacharias u.a." | block="Sven W. Tritschler, Zacharias SChalley und Dr. Martin Vincentz"
2026-05-06T15:20:17+00:00 | 18/14171 | AfD | residue="Sven W Trischler" | block="Sven W. Trischler, Zacharias Schalley, Markus Wagner und Thomas Röckemann"
2026-05-06T15:20:17+00:00 | 18/14180 | AfD | MISMATCH parsed=0 db_min=3 | db_anfrager="Tritschler, Sven W.; Schalley, Zacharias u.a." | block=""
2026-05-06T15:20:17+00:00 | 18/14477 | FDP | residue="Angela" | block="Susanne Schneider und Angela Angela Freimuth"
2026-05-06T15:20:17+00:00 | 18/14702 | FDP | residue="Angela" | block="Franziska Müller-Rech und Angela Angela Freimuth"
2026-05-06T15:20:17+00:00 | 18/14862 | SPD | residue="Ina Blu- menthal" | block="Rodion Bakum, Josef Neumann, Alexander Vogt, Christina Weng, René Schneider, Anja Butschkau, Alexander Baer, Julia Kahle-Hausmann, Thorsten Klute, Ina Blu- menthal, Justus Moor und Lisa-Kristin Kapteinat"
2026-05-06T15:20:17+00:00 | 18/15190 | SPD | residue="Rodio Bakum" | block="Lisa-Kristin Kapteinat, Thorsten Klute, Lena Teschlade, Josef Neumann, Christina Weng, Rodio Bakum, Anja Butschkau und Silvia Gosewinkel"
2026-05-06T15:20:17+00:00 | 18/15215 | AfD | MISMATCH parsed=2 db_min=3 | db_anfrager="Tritschler, Sven W.; Wagner, Markus u.a." | block="Sven W. Tritschler und Markus Wagner"
2026-05-06T15:20:17+00:00 | 18/15236 | AfD | MISMATCH parsed=2 db_min=3 | db_anfrager="Tritschler, Sven W.; Wagner, Markus u.a." | block="Sven W. Tritschler und Markus Wagner"
2026-05-06T15:20:17+00:00 | 18/15238 | AfD | MISMATCH parsed=2 db_min=3 | db_anfrager="Tritschler, Sven W.; Wagner, Markus u.a." | block="Sven W. Tritschler und Markus Wagner"
2026-05-06T15:20:17+00:00 | 18/15239 | AfD | residue="du" | block="Sven W. Tritschler, Markus Wagner du Thomas Röckemann"
2026-05-06T15:20:17+00:00 | 18/15246 | AfD | MISMATCH parsed=2 db_min=3 | db_anfrager="Tritschler, Sven W.; Wagner, Markus u.a." | block="Sven W. Tritschler und Markus Wagner"
2026-05-06T15:20:17+00:00 | 18/15289 | FDP | residue="Angela" | block="Susanne Schneider und Angela Angela Freimuth"
2026-05-06T15:20:17+00:00 | 18/15290 | SPD | residue="Anja Butshkau" | block="Lisa-Kristin Kapteinat, Thorsten Klute, Lena Teschlade, Josef Neumann, Anja Butshkau, Christina Weng, Rodion Bakum und Silvia Gosewinkel"
2026-05-06T15:20:17+00:00 | 18/16334 | SPD | MISMATCH parsed=0 db_min=3 | db_anfrager="Baran, Volkan; Kapteinat, Lisa-Kristin u.a." | block=""
2026-05-06T15:20:17+00:00 | 18/16380 | SPD | residue="Volker Baran" | block="Volker Baran, Lisa-Kristin Kapteinat, Inge Blask und Nina Andrieshen"
2026-05-06T15:20:17+00:00 | 18/17220 | SPD | residue="Christof Rasche" | block="Christof Rasche"
2026-05-06T15:20:17+00:00 | 18/17220 | SPD | MISMATCH parsed=0 db_min=3 | db_anfrager="Baran, Volkan; Kapteinat, Lisa-Kristin u.a." | block="Christof Rasche"
2026-05-06T15:20:17+00:00 | 18/17407 | FDP | residue="Angela" | block="Dr. Werner Pfeil und Angela Angela Freimuth"
2026-05-06T15:20:17+00:00 | 18/17546 | SPD | residue="Sandy Mein- hardt" | block="Rodion Bakum, Nina Andrieshen, Lisa-Kristin Kapteinat, Thorsten Klute, Wolfgang Jörg, Josef Neumann, Anja Butschkau, Frank Müller, Christin Siebel, Sandy Mein- hardt und Christina Weng"
