2026-05-05T12:16:12+00:00 | 17/608 | ministerium_form | scraped="Ministerin Heimat, Kommunales, Bauen und Wohnen"
2026-05-05T12:16:12+00:00 | 17/617 | ministerium_form | scraped="Minister Innernund dem Minister der Justiz"
2026-05-05T12:16:12+00:00 | 17/885 | ministerium_form | scraped="Ministerium Bauen, Wohnen, Stadtentwicklung und Verkehr des Landes NRW teilte am 13. Januar 2017 mit, mit dem Baubeginn sei Ende 2017 zu rechnen. Der Minister für Verkehr"
2026-05-05T12:16:12+00:00 | 17/1032 | ministerium_form | scraped="Ministerin Schule und Bildung ha die Kleine Anfrage 335 mit Schreiben vom 24. Oktober 2017"
2026-05-05T12:16:12+00:00 | 17/1044 | ministerium_form | scraped="Minister Inneren wies in besagter Sitzung darauf hin, dass, eine richtige Definition von No-Go-Areas wichtig sei. Es sei falsch zu behaupten, dass sich Polizei nicht in bestimmte Gebiete traue. Vielmehr würden mache Einsätze mit verstärkten Kräften gefahren. Man müsse sehen, dass die Bevölkerung ein ungutes Gefühl habe, wenn man bestimmte Gebiete betrete. In der sich anschließenden Debatte wurden im Ausschuss in diesem Zusammenhang u.a. passende Beobachtungen in Dortmund, Bad Oeynhausen und Bonn-Bad Godesberg angeführt. Der Chef der Staatskanzlei ergänzte, dass man sehr viele Hinweise auf ‚No-Go-Areas‘ über das Bürgertelefon der Staatskanzlei erhalten habe und man diese ernst nehmen wolle. Der Innenminister"
2026-05-05T12:16:12+00:00 | 17/1257 | ministerium_form | scraped="Minister BundesundEuropaangelegenheiten sowie Internationales"
2026-05-05T12:16:12+00:00 | 17/1587 | ministerium_form | scraped="Minister Innernsowie der Ministerinfür Kultur undWissenschaft"
2026-05-05T12:16:12+00:00 | 17/1808 | ministerium_form | scraped="Minister Bundes- und Europaangelegenheitensowie Internationales"
2026-05-05T12:16:12+00:00 | 17/2259 | ministerium_form | scraped="Ministerium Wirtschaft, Mittelstand, Innovation, Digitalisierung und Energie"
2026-05-05T12:16:12+00:00 | 17/2478 | ministerium_form | scraped="Ministerin Heimat, Kommunales, Bau und Gleichstellung der Ministerin für Umwelt, Landwirtschaft, Natur- und Verbraucherschutz"
2026-05-05T12:16:12+00:00 | 17/2695 | ministerium_form | scraped="Minister Verkehr, insofern mit der Wahrnehmung der Geschäfte des Ministeriums für Umwelt, Landwirtschaft, Natur und Verbraucherschutz beauftragt,"
2026-05-05T12:16:12+00:00 | 17/2699 | ministerium_form | scraped="Minister Verkehr, insofern mit der Wahrnehmung der Geschäfte des Ministeriums für Umwelt, Landwirtschaft, Natur- und Verbraucherschutz beauftragt,"
2026-05-05T12:16:12+00:00 | 17/2700 | ministerium_form | scraped="Minister Verkehr, zugleich auch für das Ministerium für Umwelt, Landwirtschaft, Natur- und Verbraucherschutz, insofern mit der Wahrnehmung der Geschäfte beauftragte,"
2026-05-05T12:16:12+00:00 | 17/2702 | ministerium_form | scraped="Minister Verkehr, zugleich auch für das Ministerium für Umwelt, Landwirtschaft, Natur- und Verbraucherschutz, insofern mit der Wahrnehmung der Geschäfte beauftragte,"
2026-05-05T12:16:12+00:00 | 17/2705 | ministerium_form | scraped="Ministerium Schule und Bildung teilte Tage später in einer Pressemitteilung vom 25.04.2018 mit, dass das Landeskabinett den Entwurf des Ministeriums für eine Änderungsverordnung zur OVP beschlossen habe. Ausgeführt wird zu welchem Einstellungstermin die Änderung wirksam werden und welcher Teilzeitgrad gelten soll. Die Ministerin für Schule und Bildung"
2026-05-05T12:16:12+00:00 | 17/4214 | ministerium_form | scraped="Ministerium Kinder, Familie, Flüchtlinge und Integration des Landes Nordrhein- Westfalen tritt"
2026-05-05T12:16:12+00:00 | 17/4287 | ministerium_form | scraped="Ministerium Heimat, Kommunales, Bau und Gleichstellung des Landes Nordrhein- Westfalen tritt"
2026-05-05T12:16:12+00:00 | 17/4289 | ministerium_form | scraped="Ministerium Wirtschaft, Innovation, Digitalisierung und Energie des Landes Nordrhein- Westfalen tritt"
2026-05-05T12:16:12+00:00 | 17/4951 | ministerium_form | scraped="Minister Wirtschaf, Innovation, Digitalisierung und Energie"
2026-05-05T12:16:12+00:00 | 17/5003 | ministerium_form | scraped="Ministerin Umwelt, Landwirtschaft, Natur- und Verbraucherschutz des Innern"
2026-05-05T12:16:12+00:00 | 17/5825 | ministerium_form | scraped="Ministerium Finanzen informierte mit der Vorlage 17/1580 vom 14. Januar 2019 über den aktuellen Stand des Verkaufsverfahrens von Schloss Kalkum. Danach wurde Anfang 2018 ein Bieterverfahren gestartet. Der Unterausschuss BLB, Landesbetriebe und Sondervermögen führt nach einem mehrstufigen Bieterverfahren aktuell Kaufvertragsverhandlungen mit dem Höchstbietenden. Das Nutzungskonzept der Höchstbietenden sieht gemäß der Vorlage u.a. vor, eine Akademie für Musik und Kunst im Schloss Kalkum ins Leben zu rufen. Das soll in Kooperation mit öffentlichen Kulturinstitutionen der Region und anderen Kooperationspartnern erfolgen. Der Minister für Finanzen"
2026-05-05T12:16:12+00:00 | 17/5852 | ministerium_form | scraped="Ministerin Heimat, Kommunales, Bau und Gleichstellung der Ministerin für Umwelt, Landwirtschaft, Natur- und Verbraucherschutz"
2026-05-05T12:16:12+00:00 | 17/5875 | ministerium_form | scraped="Ministerin Heimat, Kommunales, Bau undGleichstellung"
2026-05-05T12:16:12+00:00 | 17/5880 | ministerium_form | scraped="Ministerin Schule und Bildung undder Ministerinfür KulturundWissenschaft"
2026-05-05T12:16:13+00:00 | 17/6523 | ministerium_form | scraped="Ministerium Schule und Bildung unddem Ministeriumfür Verkehr"
2026-05-05T12:16:13+00:00 | 17/6895 | ministerium_form | scraped="Minister Bundes- und Europaangelegenheit sowie Internationales"
2026-05-05T12:16:13+00:00 | 17/7026 | ministerium_form | scraped="Minister Bundes- und Europaangelegenheiten sowie Internationales wird in der Ausgabe der Westdeutschen Allgemeinen Zeitung (WAZ) vom 28. Juni 2019 anlässlich der Übergabe des Vorsitzes in der Europaministerkonferenz folgendermaßen zitiert: „NRW-Europaminister Stephan Holthoff-Pförtner"
2026-05-05T12:16:13+00:00 | 17/7332 | ministerium_form | scraped="Ministerin Umwelt, Landwirtschaft, Naturund Verbraucherschutz"
2026-05-05T12:16:13+00:00 | 17/7598 | ministerium_form | scraped="Minister Kinder, Familie,FlüchtlingeundIntegrationunddemMinisterfürBundesundEuropaangelegenheiten sowie Internationales"
2026-05-05T12:16:13+00:00 | 17/7600 | ministerium_form | scraped="Minister Kinder, Familie,FlüchtlingeundIntegrationunddemMinisterfürBundesundEuropaangelegenheiten sowie Internationales"
2026-05-05T12:16:13+00:00 | 17/7601 | ministerium_form | scraped="Minister Kinder, Familie,FlüchtlingeundIntegrationunddemMinisterfürBundesundEuropaangelegenheiten sowie Internationales"
2026-05-05T12:16:13+00:00 | 17/7671 | ministerium_form | scraped="Ministerin Umwelt, Landwirtschaft, Natur- und Verbraucher"
2026-05-05T12:16:13+00:00 | 17/7679 | ministerium_form | scraped="Ministerin Heimat, Kommunales, Bauund Gleichstellung"
2026-05-05T12:16:13+00:00 | 17/8125 | ministerium_form | scraped="Ministerin Unmwelt, Landwirtschaft, Natur- und Verbraucherschutz"
2026-05-05T12:16:13+00:00 | 17/8382 | ministerium_form | scraped="Minister Innern die Kleine Anfrage 3268"
2026-05-05T12:16:13+00:00 | 17/8471 | ministerium_form | scraped="Minister Justiz Peter Biesenbach sei laut Pressemitteilung vom 7. Februar 2019 stolz auf die Bilanz und kündigte an, dass man die betroffenen Stadtteile intensiv im Blick"
2026-05-05T12:16:13+00:00 | 17/8963 | ministerium_form | scraped="Ministerin Heimat, Kommunales, Baue und Gleichstellung"
2026-05-05T12:16:13+00:00 | 17/9409 | ministerium_form | scraped="Minister Inneren erklärte hierzu laut Presseberichten1: „Die Strafen tun weh, und das müssen sie auch.” In seiner Bilanz für das Osterwochenende berichtete der Minister von 1.800 Ordnungswidrigkeiten und 68 Strafanzeigen zwischen Karfreitag und Ostermontag. 5.100 Personen, darunter 1.200 Jugendliche und 300 Kinder seien beteiligt gewesen.2 Der Minister für Arbeit, Gesundheit und Soziales"
2026-05-05T12:16:13+00:00 | 17/9638 | ministerium_form | scraped="Ministerium Kinder, Familie, Flüchtlinge und Integration verbreitete u.a. mehrsprachige Informationen zum Infektionsschutz und über die im Zusammenhang damit ergangenen Rechtsverordnungen. • Das Ministerium für Wirtschaft, Innovation, Digitalisierung und Energie informierte u.a. über die Soforthilfemaßnahmen für Unternehmen. • Das Ministerium der Finanzen unterrichtete u.a. über die Corona bedingten Sonderhaushalte und mögliche Steuererleichterungen für betroffene Unternehmen. • Die Staatskanzlei verbreitete u.a. ein Video des Ministerpräsidenten, in dem er die weiterhin geöffneten Grenzen zu Belgien und den Niederlanden bewarb. Datum des Originals: 25.05.2020/Ausgegeben: 10.06.2020 LANDTAG NORDRHEIN-WESTFALEN - 17. Wahlperiode Drucksache 17/9638 Der Ministerpräsident"
2026-05-05T12:16:14+00:00 | 17/10096 | ministerium_form | scraped="Ministerium Forstwirtschaft und Natur Luxemburgs ist ein besonders schönes Beispiel dafür, dass der Staat über die eigene Nachfrage enorme Möglichkeiten"
2026-05-05T12:16:14+00:00 | 17/10192 | ministerium_form | scraped="Ministerin Heimat, Kommunales Bauen und Wohnen"
2026-05-05T12:16:14+00:00 | 17/10554 | ministerium_form | scraped="Ministerium Heimat, Kommunales, Bauen und Gleichstellung"
2026-05-05T12:16:14+00:00 | 17/10674 | ministerium_form | scraped="Minister Kinder, Familien, Flüchtlinge und Integration"
2026-05-05T12:16:14+00:00 | 17/11183 | ministerium_form | scraped="Ministerin Umwelt, Landwirtschat, Natur- und Verbraucherschutz"
2026-05-05T12:16:14+00:00 | 17/13520 | ministerium_form | scraped="Ministerin hat die Kleine Anfrage 5241 mit Schreiben vom 26. April 2021"
2026-05-05T12:16:14+00:00 | 17/13950 | ministerium_form | scraped="Minister Wirtschaft, Innovation, 4 Siehe 17/7522 5 Ebd. 2 LANDTAG NORDRHEIN-WESTFALEN - 17. Wahlperiode Drucksache 17/13950 Digitalisierung und Energie"
2026-05-05T12:16:14+00:00 | 17/14114 | ministerium_form | scraped="Ministerin Umwelt, Landwirtschaft, Natur- und Verbraucherschutzwie"
2026-05-05T12:16:14+00:00 | 17/14127 | ministerium_form | scraped="Ministerium Schule und Bildung verweist diesbezüglich weitergehend auf Informationen auf der Seite https://www.schulsportnrw.de/home.html, die auf die an die Schulen verschickten geltenden Leitlinien durch Schulmail vom 11.02.2021 aufbauen. Diese Seite wurde seit mehr als zwei Monaten jedoch nicht mehr aktualisiert.2 Die Ministerin für Schule und Bildung"
2026-05-05T12:16:14+00:00 | 17/14274 | ministerium_form | scraped="Ministerium Schule und Bildung formuliert im neuen Erlass „Gemeinsames Lernen in der Grundschule“ unter 3.2.2: „Der Einsatz von Lehrkräften für sonderpädagogische Förderung an der Schule und die pädagogische Kontinuität sind gewährleistet.“2 Die Ministerin für Schule und Bildung"
2026-05-05T12:16:14+00:00 | 17/14424 | ministerium_form | scraped="Ministerin Umwelt, Landwirtschaft, Natur- und Vebraucherschutz"
2026-05-05T12:16:14+00:00 | 17/14482 | ministerium_form | scraped="Minister Bundes- und Europaangelegenheiten sowie Internationales die Kleine Anfrage 5515 mit Schreiben vom 9. Juli 2021"
2026-05-05T12:16:14+00:00 | 17/14483 | ministerium_form | scraped="Minister Bundes- und Europaangelegenheiten sowie Internationales die Kleine Anfrage 5559 mit Schreiben vom 9. Juli 2021"
2026-05-05T12:16:14+00:00 | 17/14498 | ministerium_form | scraped="Minister Bundes- und Europaangelegenheiten sowie Internationales die Kleine Anfrage 5569 mit Schreiben vom 12. Juli 2021"
2026-05-05T12:16:14+00:00 | 17/14630 | ministerium_form | scraped="Ministerin Umwelt, Landwirtwirtschaft, Natur- und Verbraucherschutz"
2026-05-05T12:16:14+00:00 | 17/14800 | ministerium_form | scraped="Minister Kinder, Familie, Flüchtlinge und Integration die Kleine Anfrage 5649 mit Schreiben vom 6. August 2021"
2026-05-05T12:16:14+00:00 | 17/14802 | ministerium_form | scraped="Minister Kinder, Familie, Flüchtlinge und Integration die Kleine Anfrage 5637 mit Schreiben vom 6. August 2021"
2026-05-05T12:16:14+00:00 | 17/15092 | ministerium_form | scraped="Ministerin Umwelt, Landwirtschaft, Natur- und Verbraucherschuzt"
2026-05-05T12:16:14+00:00 | 17/15300 | ministerium_form | scraped="Ministerin Heimat, Kommunales, Bauen und Wohnen"
2026-05-05T12:16:14+00:00 | 17/15646 | ministerium_form | scraped="Ministerin Umwelt, Landwirtschaft, Natur- und Verbraucherschtz"
2026-05-05T12:16:14+00:00 | 17/15893 | ministerium_form | scraped="Ministerin Umwelt, Landwirtschaft, Natur- und Verbrauchschutz"
2026-05-05T12:16:14+00:00 | 17/16198 | ministerium_form | scraped="Ministerium Wirtschaft, Innovation, Digitalisierung und Energie fördert dieses Projekt mit 2,7 Millionen Euro,2 bei Gesamtprojektkosten von 3,8 Mio. Euro.3 Entlang der Strecke sowie im Betriebshof der Märkischen Verkehrsgesellschaft in Iserlohn sollen Ladesäulen installiert werden, die ihren Strom unter anderem aus Photovoltaikanlagen beziehen sollen.4 An der Fachhochschule studieren 2.200 Personen. Die Studenten benötigen eine ausreichende Busanbindung vor allen Dingen in den Haupttaktzeiten am Morgen bzw. Mittag. Hierfür besteht bereits eine normale Busanbindung. Der Minister für Wirtschaft, Innovation, Digitalisierung und Energie"
2026-05-05T12:16:14+00:00 | 17/16224 | ministerium_form | scraped="Minister Bundes- und Europangelegenheiten sowie Internationales"
2026-05-05T12:16:14+00:00 | 17/16292 | ministerium_form | scraped="Minister Finanzen, Minister für Wirtschaft, Innovation, Digitalisierung und Energie"
2026-05-05T12:16:14+00:00 | 17/17057 | ministerium_form | scraped="Ministerium Umwelt, Landwirtschaft, Natur- und Verbraucherschutz die Kleine Anfrage 6506 mit Schreiben vom 14. April 2022"
2026-05-05T12:16:14+00:00 | 17/17058 | ministerium_form | scraped="Ministerium Umwelt, Landwirtschaft. Natur- und Verbraucherschutz die Kleine Anfrage 6507 mit Schreiben vom 14. April 2022"
2026-05-05T12:16:19+00:00 | 18/488 | ministerium_form | scraped="Minister hat die Kleine Anfrage 70 mit Schreiben vom 10. August 2022"
2026-05-05T12:16:19+00:00 | 18/671 | ministerium_form | scraped="Ministerium Wirtschaft, Energie, Bauen, Wohnen und Verkehr des Landes NRW ist zuständig für die Genehmigung der internationalen Verkehrsflughäfen Düsseldorf, Köln-Bonn und Münster-Osnabrück.3 Der Minister für Umwelt, Naturschutz und Verkehr"
2026-05-05T12:16:19+00:00 | 18/2591 | ministerium_form | scraped="Ministerin Wirtschaft, Industrie, Klimaschutz und Energier"
2026-05-05T12:16:19+00:00 | 18/3057 | ministerium_form | scraped="Ministerin Kinder, Jugend, Familie, Gleichstellung, Flüchtlinge und Integration"
2026-05-05T12:16:19+00:00 | 18/3379 | ministerium_form | scraped="Ministerin Heimat, Kommunales, Bau und Digitalisierung Scharrenbach"
2026-05-05T12:16:19+00:00 | 18/3395 | ministerium_form | scraped="Ministerin Kinder, Jugend, Familie, Gleichstellung, Flucht und Integration und Ministerin für Heimat, Kommunales, Bau und Digitalisierung"
2026-05-05T12:16:19+00:00 | 18/4082 | ministerium_form | scraped="Minister Umwelt, Naturschutz und Verbraucherschutz"
2026-05-05T12:16:19+00:00 | 18/4844 | ministerium_form | scraped="Minister Arbeit, Gesundheit und Soziales der Ministerin für Schule und Bildung"
2026-05-05T12:16:19+00:00 | 18/4976 | ministerium_form | scraped="Ministerin He3imat, Kommunales, Bau und Digitalisierung"
2026-05-05T12:16:19+00:00 | 18/5145 | ministerium_form | scraped="Ministerin Heimat, Kommunales, Bau und Digitalisierung der Ministerin für Wirtschaft, Industrie, Klimaschutz und Energie"
2026-05-05T12:16:19+00:00 | 18/5782 | ministerium_form | scraped="Minister Arbeit, Gesundheit und Soziales ha die Kleine Anfrage 2313 mit Schreiben vom 6. September 2023"
2026-05-05T12:16:19+00:00 | 18/6061 | ministerium_form | scraped="Ministerium Arbeit, Gesundheit und Soziales teilte am 27. August mit, dass das Bewilligungsverfahren zum Krankenhauszukunftsfonds für Nordrhein-Westfalen abgeschlossen ist. Demnach wurden Fördermittel in Höhe von 892,2 Millionen Euro an 272 Krankenhäuser in NRW ausgezahlt. Etwa 70 Prozent sind durch die Europäische Union refinanzierte Bundesmittel. Nordrhein-Westfalen steckt mitten in einem tiefgreifenden Umstrukturierungsprozess der Krankenhauslandschaft. In sehr vielen Punkten konnten die bisherigen Verhandlungen zwischen Krankenhausträgern und Krankenversicherungen nicht im Konsens beendet werden. Die Bezirksregierungen und das Gesundheitsministerium"
2026-05-05T12:16:19+00:00 | 18/6410 | ministerium_form | scraped="Ministerium Schule und Bildung teilte am 18. Juni 2023 mit, dass das Projekt mit der Erweiterung des Erlasses nun die Grundlage für einen Einsatz von Alltagshelferinnen und Alltagshelfern an Förderschulen möglich sei.2 Die Ministerin für Schule und Bildung"
2026-05-05T12:16:19+00:00 | 18/9495 | ministerium_form | scraped="Ministerin Heimat, Kommunales, Bau und Digitalisierung mit Schreiben vom 3. Juni 2024"
2026-05-05T12:16:19+00:00 | 18/9496 | ministerium_form | scraped="Minister Umwelt, Naturschutz und Verkehr mit Schreiben vom 3. Juni 2024"
2026-05-05T12:16:19+00:00 | 18/9550 | ministerium_form | scraped="Ministerin Heimat, Kommunales, Bau und Digitalisierung mit Schreiben vom 7. Juni 2024"
2026-05-05T12:16:19+00:00 | 18/9676 | ministerium_form | scraped="Minister Justiz mit Schreiben vom 21. Juni 2024"
2026-05-05T12:16:19+00:00 | 18/10340 | ministerium_form | scraped="Ministerium Wirtschaft, Industrie, Klimaschutz und Energie des Landes NRW fördert laut Haushaltsplan 2024 aus dem Kapitel 14 300 „Klimaschutz und Energiewende“ in Titelgruppe 64 unter anderem ausgewählte Klimaschutz-Bildungsprojekte. Der Ansatz beläuft sich für das Haushaltsjahr 2024 auf 9,75 Mio. Euro. Das Ist-Ergebnis für das Jahr 2022 weist Ausgaben von lediglich 601 Tsd. Euro auf bei einem damaligen Ansatz von 3,35 Mio. Euro. Die Ministerin für Wirtschaft, Klima, Industrie und Energie"
2026-05-05T12:16:20+00:00 | 18/10919 | ministerium_form | scraped="Ministerin Kinder, Jugend, Familie, Gleichstellung, Flucht und Integration hatte die Kleine Anfrage 2457 des Abgeordneten Andreas Keith mit Schreiben vom 5. Oktober 2023 (Drs. 18/6252) im Wesentlichen damit"
2026-05-05T12:16:20+00:00 | 18/10982 | ministerium_form | scraped="Minister Bundes- und Europaangeleigenheiten, Internationales sowie Medien und Chef der Staatskanzlei"
2026-05-05T12:16:20+00:00 | 18/11375 | ministerium_form | scraped="Minister Bundes- und Europaangelegenheiten, Internationales sowie Medien und Chef der Staatskanzleiwie"
2026-05-05T12:16:20+00:00 | 18/12044 | ministerium_form | scraped="Ministerium Kultur und Wissenschaft schreibt auf ihrer Internetseite deshalb zurecht: „Die universitären Fachbereiche Medizin und die Universitätskliniken im Land Nordrhein-Westfalen sind Orte herausragender Forschung, Lehre und Krankenversorgung“1. Die Ministerin für Kultur und Wissenschaft"
2026-05-05T12:16:20+00:00 | 18/12322 | ministerium_form | scraped="Ministerin Kinder, Jugendliche, Familie, Gleichstellung, Flucht und Integration"
2026-05-05T12:16:20+00:00 | 18/12327 | ministerium_form | scraped="Minister Innern, Ministerin für Schule und Bildung"
2026-05-05T12:16:20+00:00 | 18/13075 | ministerium_form | scraped="Minister Bundes- und Europaanagelegenheiten, Internationales sowie Medien und Chef der Staatskanzlei"
2026-05-05T12:16:20+00:00 | 18/13583 | ministerium_form | scraped="Ministerin Wirtschaft, Industrie, Klimaschutz und Energie und Ministerin für Kultur und Wissenschaft"
2026-05-05T12:16:20+00:00 | 18/13930 | ministerium_form | scraped="Minister Justiz h at die Kleine Anfrage 5452 mit Schreiben vom 21. Mai 2025"
2026-05-05T12:16:20+00:00 | 18/13931 | ministerium_form | scraped="Minister Justiz h at die Kleine Anfrage 5465 mit Schreiben vom 21. Mai 2025"
2026-05-05T12:16:20+00:00 | 18/13935 | ministerium_form | scraped="Minister Justiz h at die Kleine Anfrage 5431 mit Schreiben vom 22. Mai 2025"
2026-05-05T12:16:20+00:00 | 18/14249 | ministerium_form | scraped="Ministerium Arbeit, Gesundheit und Soziales NRW war an diesen erfolglosen Gesprächen beteiligt. Der Minister für Arbeit, Gesundheit und Soziales"
2026-05-05T12:16:20+00:00 | 18/14699 | ministerium_form | scraped="Ministerin Kinder, Jungend, Familie, Gleichstellung, Flucht und Integration"
2026-05-05T12:16:20+00:00 | 18/14740 | ministerium_form | scraped="Ministerin Kultur und Wissenschaft Ina Brandes gab ihrer Einschätzung der geförderten Tanz-Ensembles"
2026-05-05T12:16:20+00:00 | 18/15056 | ministerium_form | scraped="Ministerin Ministeriums für Heimat, Kommunales, Bau und Digitalisierung"
2026-05-05T12:16:20+00:00 | 18/15338 | ministerium_form | scraped="Ministerin Ministeriums für Kultur und Wissenschaft"
2026-05-05T12:16:20+00:00 | 18/15889 | ministerium_form | scraped="Minister Justiz ha die Kleine Anfrage 6349 mit Schreiben vom 29. September 2025"
2026-05-05T12:16:20+00:00 | 18/16127 | ministerium_form | scraped="Minister UImwelt, Naturschutz und Verkehr"
2026-05-05T12:16:20+00:00 | 18/17639 | ministerium_form | scraped="Ministerin Kinder, Jugend, Familie, Gleichstellung, Flucht und Integration die Kleine Anfrage 6892 mit Schreiben vom 2. Februar 2026"
2026-05-05T12:16:20+00:00 | 18/18490 | ministerium_form | scraped="Ministerin Heimat, Kommunales, Bau und Digitalisierung sowie wie dem Minister für Umwelt, Naturschutz und Verkehr"
2026-05-05T12:16:25+00:00 | 17/9092 | ministerium_kuerzel | scraped="MWEIMH"
2026-05-05T12:16:25+00:00 | 17/9967 | ministerium_kuerzel | scraped="AWEL"
